"CONSENT_VERSION","VERSION_START_TSTAMP","CONSENT_SCOPES","CONSENT_URL","DOMAINS_APPLIED","IS_LATEST_VERSION","LAST_ALLOW_ALL_EVENT"
"1.0",2021-02-26 09:08:42.110,"necessary, preferences, statistics, marketing",https://www.example.com/,https://www.example.com/,false,2021-02-26 09:11:18.490
"2.0",2021-02-26 09:12:23.161,"necessary, preferences, statistics, marketing",https://www.example.com/,https://www.example.com/,true,2021-03-03 09:14:01.599
