version: 2

models:
  - name: fueled_web_base_quarantined_sessions_actual
    tests:
      - dbt_utils.equal_rowcount:
          compare_model: ref('fueled_web_base_quarantined_sessions_expected_stg')
      - dbt_utils.equality:
          compare_model: ref('fueled_web_base_quarantined_sessions_expected_stg')
  - name: fueled_web_page_views_actual
    tests:
      - dbt_utils.equal_rowcount:
          compare_model: ref('fueled_web_page_views_expected_stg')
      - dbt_utils.equality:
          compare_model: ref('fueled_web_page_views_expected_stg')
  - name: fueled_web_sessions_actual
    tests:
      - dbt_utils.equal_rowcount:
          compare_model: ref('fueled_web_sessions_expected_stg')
      - dbt_utils.equality:
          compare_model: ref('fueled_web_sessions_expected_stg')
  - name: fueled_web_users_actual
    tests:
      - dbt_utils.equal_rowcount:
          compare_model: ref('fueled_web_users_expected_stg')
      - dbt_utils.equality:
          compare_model: ref('fueled_web_users_expected_stg')
  - name: fueled_web_consent_cmp_stats_actual
    tests:
      - dbt_utils.equal_rowcount:
          compare_model: ref('fueled_web_consent_cmp_stats_expected_stg')
      - dbt_utils.equality:
          compare_model: ref('fueled_web_consent_cmp_stats_expected_stg')
  - name: fueled_web_consent_log_actual
    tests:
      - dbt_utils.equal_rowcount:
          compare_model: ref('fueled_web_consent_log_expected_stg')
      - dbt_utils.equality:
          compare_model: ref('fueled_web_consent_log_expected_stg')
  - name: fueled_web_consent_scope_status_actual
    tests:
      - dbt_utils.equal_rowcount:
          compare_model: ref('fueled_web_consent_scope_status_expected_stg')
      - dbt_utils.equality:
          compare_model: ref('fueled_web_consent_scope_status_expected_stg')
  - name: fueled_web_consent_totals_actual
    tests:
      - dbt_utils.equal_rowcount:
          compare_model: ref('fueled_web_consent_totals_expected_stg')
      - dbt_utils.equality:
          compare_model: ref('fueled_web_consent_totals_expected_stg')
  - name: fueled_web_consent_users_actual
    tests:
      - dbt_utils.equal_rowcount:
          compare_model: ref('fueled_web_consent_users_expected_stg')
      - dbt_utils.equality:
          compare_model: ref('fueled_web_consent_users_expected_stg')
  - name: fueled_web_consent_versions_actual
    tests:
      - dbt_utils.equal_rowcount:
          compare_model: ref('fueled_web_consent_versions_expected_stg')
      - dbt_utils.equality:
          compare_model: ref('fueled_web_consent_versions_expected_stg')

