"CONSENT_VERSION","VERSION_START_TSTAMP","CONSENT_SCOPES","CONSENT_URL","DOMAINS_APPLIED","IS_LATEST_VERSION","LAST_ALLOW_ALL_EVENT","TOTAL_VISITORS","ALLOW_ALL","ALLOW_SELECTED","ALLOW","PENDING","DENIED","EXPIRED","WITHDRAWN","IMPLICIT_CONSENT","EXPIRES_IN_SIX_MONTHS"
"2.0",2021-02-26 09:12:23.161,"necessary, preferences, statistics, marketing",https://www.example.com/,https://www.example.com/,true,2021-03-03 09:14:01.599,13,4,6,10,0,3,0,0,0,0
"1.0",2021-02-26 09:08:42.110,"necessary, preferences, statistics, marketing",https://www.example.com/,https://www.example.com/,false,2021-02-26 09:11:18.490,12,3,5,8,0,4,0,0,0,0
