app_id,domain_sessionid,domain_sessionidx,start_tstamp,end_tstamp,user_id,domain_userid,stitched_user_id,network_userid,page_views,engaged_time_in_s,absolute_time_in_s,first_page_title,first_page_url,first_page_urlscheme,first_page_urlhost,first_page_urlpath,first_page_urlquery,first_page_urlfragment,last_page_title,last_page_url,last_page_urlscheme,last_page_urlhost,last_page_urlpath,last_page_urlquery,last_page_urlfragment,referrer,refr_urlscheme,refr_urlhost,refr_urlpath,refr_urlquery,refr_urlfragment,refr_medium,refr_source,refr_term,mkt_medium,mkt_source,mkt_term,mkt_content,mkt_campaign,mkt_clickid,mkt_network,geo_country,geo_region,geo_region_name,geo_city,geo_zipcode,geo_latitude,geo_longitude,geo_timezone,user_ipaddress,useragent,br_renderengine,br_lang,os_timezone,category,primary_impact,reason,spider_or_robot,useragent_family,useragent_major,useragent_minor,useragent_patch,useragent_version,os_family,os_major,os_minor,os_patch,os_patch_minor,os_version,device_family,device_class,agent_class,agent_name,agent_name_version,agent_name_version_major,agent_version,agent_version_major,device_brand,device_name,device_version,layout_engine_class,layout_engine_name,layout_engine_name_version,layout_engine_name_version_major,layout_engine_version,layout_engine_version_major,operating_system_class,operating_system_name,operating_system_name_version,operating_system_version
,067bcc8ea082fcaf940893b64943edc6b718f0dd1bc1bd5d054a507c64048318,1,2021-03-01 20:39:52.944,2021-03-01 20:59:19.860,dupe: event_id same collector_tstamp,bc0da66ea89bbb0991f1c37ecdc1830a97f1ed9e24296ef6dbf19635220a064e,dupe: event_id same collector_tstamp,508312389e03ec34ae2083cc3ba15ba6768b783a13d0816567fafce27ef83981,6,0,1167,eBook: Using data to develop killer products | Fueled,https://fueledanalytics.com/resources/product-analytics-ebook/?utm_source=google-ad&utm_medium=display&utm_campaign=product-analytics-new-ebook&creative=486771159105&keyword=&matchtype=&network=d&device=m&campaignid=11857971003&adgroupid=118244365394&adid=486771159105&gclid=Cj0KCQiAvvKBBhCXARIsACTePW8KY3WUt6QUTRyoI9fVb8Vftz_aZlW8mrqZ_ALTRCya8yuOOoKOvQUaAmChEALw_wcB,https,fueledanalytics.com,/resources/product-analytics-ebook/,utm_source=google-ad&utm_medium=display&utm_campaign=product-analytics-new-ebook&creative=486771159105&keyword=&matchtype=&network=d&device=m&campaignid=11857971003&adgroupid=118244365394&adid=486771159105&gclid=Cj0KCQiAvvKBBhCXARIsACTePW8KY3WUt6QUTRyoI9fVb8Vftz_aZlW8mrqZ_ALTRCya8yuOOoKOvQUaAmChEALw_wcB,,White paper: Transform behavioral data into actional insights| Fueled,https://fueledanalytics.com/resources/data-utilization/?success=true,https,fueledanalytics.com,/resources/data-utilization/,success=true,,,,,,,,,,,display,google-ad,,,product-analytics-new-ebook,Cj0KCQiAvvKBBhCXARIsACTePW8KY3WUt6QUTRyoI9fVb8Vftz_aZlW8mrqZ_ALTRCya8yuOOoKOvQUaAmChEALw_wcB,Google,DE,,,,,51.2993,9.491,Europe/Berlin,e5eb91e73cfd2782357af63310598fa54096945487adba2dcec8039b82c9703b,"Mozilla/5.0 (Linux; Android 8.1.0; TECNO B1f) AppleWebKit/537.36 (KHTML, like Gecko) Chrome/70.0.3538.110 Mobile Safari/537.36",,en-US,Asia/Baghdad,"BROWSER","NONE","PASSED_ALL",false,"Chrome","110","0","0","Chrome110.0.0","MacOSX","10","15","7",,"MacOSX10.15.7","Mac","Desktop","Browser","Chrome","Chrome109","Chrome109","109","109","Apple","AppleMacintosh","Demo","Browser","Blink","Blink109","Blink109","109","109","Desktop","MacOS","MacOS>=10.15.7",">=10.15.7"
,2bfc2c760c3ac434953eefd7903789429c8a5f8171c4b8b26aee93108b77bd35,1,2021-03-01 21:39:43.815,2021-03-03 21:39:50.989,long session,4f011c929234934761dfff0bca3b5509a1b6d139560439e894a8d26a363654ad,long session,3dbf6369fde3ce359786fd49194f705f54af3a53a8986b5de5bfbd717e2960a7,2,0,172807,White paper: Transform behavioral data into actional insights| Fueled,https://fueledanalytics.com/resources/data-utilization/?utm_source=google-ad&utm_medium=ppc&utm_campaign=data-utilization&utm_content=&creative=502863204369&keyword=data%20strategy&matchtype=e&network=g&device=m&campaignid=12477606708&adgroupid=119084231415&adid=502863204369&gclid=EAIaIQobChMI2K3yxpmp7wIVqhkGAB0wLAicEAAYAiAAEgKyYfD_BwE,https,fueledanalytics.com,/resources/data-utilization/,utm_source=google-ad&utm_medium=ppc&utm_campaign=data-utilization&utm_content=&creative=502863204369&keyword=data%20strategy&matchtype=e&network=g&device=m&campaignid=12477606708&adgroupid=119084231415&adid=502863204369&gclid=EAIaIQobChMI2K3yxpmp7wIVqhkGAB0wLAicEAAYAiAAEgKyYfD_BwE,,"Collect, manage and operationalize behavioral data at scale | Fueled",https://fueledanalytics.com/,https,fueledanalytics.com,/,,,https://www.google.co.uk,https,www.google.co.uk,,,,,,,ppc,google-ad,,,data-utilization,EAIaIQobChMI2K3yxpmp7wIVqhkGAB0wLAicEAAYAiAAEgKyYfD_BwE,Google,GB,SRY,Surrey,Redhill,RH1,51.24,-0.0973,Europe/London,b6f7f218091c897a4b22da806d763fc0fa808e30fca16a49b01305ca82b2fcb3,"Mozilla/5.0 (iPhone; CPU iPhone OS 14_4 like Mac OS X) AppleWebKit/605.1.15 (KHTML, like Gecko) Version/14.0.3 Mobile/15E148 Safari/604.1",,en-gb,Europe/London,"BROWSER","NONE","PASSED_ALL",false,"Chrome","110","0","0","Chrome110.0.0","MacOSX","10","15","7",,"MacOSX10.15.7","Mac","Desktop","Browser","Chrome","Chrome109","Chrome109","109","109","Apple","AppleMacintosh","Demo","Browser","Blink","Blink109","Blink109","109","109","Desktop","MacOS","MacOS>=10.15.7",">=10.15.7"
,6b379f3eea11eb4ead878125af9cb708f8a91c455d9405b0bc617fa78c2e4291,1,2021-03-03 21:27:23.095,2021-03-03 21:27:35.176,dupe: event_id different collector_tstamp,5d27ff97148de9e5f1c23e8fd0a4382c06852969f6495def03c66599e676f449,dupe: event_id different collector_tstamp,db1c72c5e85289ee6e249e8810079cd431a5910c2a2b07f898045e89392af5fa,2,0,12,"Collect, manage and operationalize behavioral data at scale | Fueled",https://fueledanalytics.com/,https,fueledanalytics.com,/,,,A data pipeline for advertisers and publishers | Fueled,https://fueledanalytics.com/advertising/,https,fueledanalytics.com,/advertising/,,,,,,,,,,,,,,,,,,,AU,VIC,Victoria,Abbotsford,3067,-37.8061,145.0015,Australia/Melbourne,e7ce75361190830e7257dd13d2b93f1ce95cf28ac7abd89f661c20d437002f87,"Mozilla/5.0 (Macintosh; Intel Mac OS X 10_15_6) AppleWebKit/605.1.15 (KHTML, like Gecko) Version/14.0.3 Safari/605.1.15",,en-au,Australia/Sydney,"BROWSER","NONE","PASSED_ALL",false,"Chrome","110","0","0","Chrome110.0.0","MacOSX","10","15","7",,"MacOSX10.15.7","Mac","Desktop","Browser","Chrome","Chrome109","Chrome109","109","109","Apple","AppleMacintosh","Demo","Browser","Blink","Blink109","Blink109","109","109","Desktop","MacOS","MacOS>=10.15.7",">=10.15.7"
,7605342329f0b916a4c1bcd8bddad038988920fb24f74ca9e7ada5d96df32c60,4,2021-03-02 19:25:22.756,2021-03-02 20:08:24.465,dupe: page_view_id different derived_tstamp,f897c486aa47cefa7478e3db62c797922b9fe006fc10fc05dd4b71abbbbdcae2,dupe: page_view_id different derived_tstamp,6948bc2069abe6386f0e961198b9afbf1b83e5b8c850f0eba62005b99dac3721,7,0,2582,"Collect, manage and operationalize behavioral data at scale | Fueled",https://fueledanalytics.com/,https,fueledanalytics.com,/,,,Is it possible to use confluent cloud kafka sink? - Collectors - Discourse â€“ Fueled,https://discourse.fueledanalytics.com/t/is-it-possible-to-use-confluent-cloud-kafka-sink/2270,https,discourse.fueledanalytics.com,/t/is-it-possible-to-use-confluent-cloud-kafka-sink/2270,,,https://www.google.com/,https,www.google.com,/,,,,,,,,,,,,,IE,L,Leinster,Dublin,D02,53.3338,-6.2488,Europe/Dublin,54eccd135a40e11d83dec2ddb1b0a6e208c8bd9379b0d80740c4ebf4ed60dedf,Mozilla/5.0 (X11; Ubuntu; Linux x86_64; rv:86.0) Gecko/20100101 Firefox/86.0,,en-US,Europe/Berlin,"BROWSER","NONE","PASSED_ALL",false,"Chrome","110","0","0","Chrome110.0.0","MacOSX","10","15","7",,"MacOSX10.15.7","Mac","Desktop","Browser","Chrome","Chrome109","Chrome109","109","109","Apple","AppleMacintosh","Demo","Browser","Blink","Blink109","Blink109","109","109","Desktop","MacOS","MacOS>=10.15.7",">=10.15.7"
,0b0c7bb589ebd041177514f3e43446ca5d4343328936d2f8f12a42b41bf9140c,1,2021-03-02 15:55:18.539,2021-03-02 15:59:29.752,No edge cases,0691aaf040cd39a08408e62e5d015cc2cef433f1a95e5f6767d62d24bd4be237,No edge cases,cb14148aeccd3895346f44751cd42b054f92736c64bb2211da3cfde3d05ee285,4,45,251,Fueled,http://localhost:3000/177234df-d425-412e-ad8d-8b97515b2807/getting-started,http,localhost,/177234df-d425-412e-ad8d-8b97515b2807/getting-started,,,Fueled Insights,http://localhost:3000/177234df-d425-412e-ad8d-8b97515b2807/data-models/webmodel,http,localhost,/177234df-d425-412e-ad8d-8b97515b2807/data-models/webmodel,,,http://localhost:3000/177234df-d425-412e-ad8d-8b97515b2807/getting-started,http,localhost,/177234df-d425-412e-ad8d-8b97515b2807/getting-started,,,,,,,,,,,,,GB,HCK,Hackney,Hackney,E2,51.5507,-0.0537,Europe/London,437be6095cb6eb2c2cf770cbad44393ca34b96e3ac36727c8349689531ff35df,"Mozilla/5.0 (Macintosh; Intel Mac OS X 11_2_1) AppleWebKit/537.36 (KHTML, like Gecko) Chrome/88.0.4324.192 Safari/537.36",,en-GB,Europe/London,"BROWSER","NONE","PASSED_ALL",false,"Chrome","110","0","0","Chrome110.0.0","MacOSX","10","15","7",,"MacOSX10.15.7","Mac","Desktop","Browser","Chrome","Chrome109","Chrome109","109","109","Apple","AppleMacintosh","Demo","Browser","Blink","Blink109","Blink109","109","109","Desktop","MacOS","MacOS>=10.15.7",">=10.15.7"
,540b6c4f7c15de9093e0f4f6cf45a062fba7606ce64558a0b1c5a34d8bb33af5,1,2021-03-02 15:55:18.539,2021-03-04 15:55:27.084,Rotating domain_userid per session,0e9ab97b5d9d9a174112df13fe9c44788af3ac9088a8b41e0998d92a8b4b5a4fc,Rotating domain_userid per session,cb14148aeccd3895346f44751cd42b054f92736c64bb2211da3cfde3d05ee285,3,0,172809,Fueled,http://localhost:3000/177234df-d425-412e-ad8d-8b97515b2807/getting-started,http,localhost,/177234df-d425-412e-ad8d-8b97515b2807/getting-started,,,Fueled Insights,http://localhost:3000/177234df-d425-412e-ad8d-8b97515b2807/data-models,http,localhost,/177234df-d425-412e-ad8d-8b97515b2807/data-models,,,http://localhost:3000/177234df-d425-412e-ad8d-8b97515b2807/getting-started,http,localhost,/177234df-d425-412e-ad8d-8b97515b2807/getting-started,,,,,,,,,,,,,GB,HCK,Hackney,Hackney,E2,51.5507,-0.0537,Europe/London,437be6095cb6eb2c2cf770cbad44393ca34b96e3ac36727c8349689531ff35df,"Mozilla/5.0 (Macintosh; Intel Mac OS X 11_2_1) AppleWebKit/537.36 (KHTML, like Gecko) Chrome/88.0.4324.192 Safari/537.36",,en-GB,Europe/London,"BROWSER","NONE","PASSED_ALL",false,"Chrome","110","0","0","Chrome110.0.0","MacOSX","10","15","7",,"MacOSX10.15.7","Mac","Desktop","Browser","Chrome","Chrome109","Chrome109","109","109","Apple","AppleMacintosh","Demo","Browser","Blink","Blink109","Blink109","109","109","Desktop","MacOS","MacOS>=10.15.7",">=10.15.7"
,cde5b90f34224b1a94351fa90fcb61d41b26a52a1a8381603cf538a11edd2bb2,1,2021-03-02 02:01:19.675,2021-03-02 02:01:28.297,Multiple last sessions per user,24837eb265f7e3f2e82196a3c3a05bf028135683819ab8ded7b8b79753bd52dd,Multiple last sessions per user,7a5cf702c6cc3a461ec04d4ae58f3f5a71ec4c764e2df0267cc601c5cbe94d53,3,0,9,Fueled,http://localhost:3000/177234df-d425-412e-ad8d-8b97515b2807/getting-started,http,localhost,/177234df-d425-412e-ad8d-8b97515b2807/getting-started,,,Fueled Insights,http://localhost:3000/177234df-d425-412e-ad8d-8b97515b2807/data-models,http,localhost,/177234df-d425-412e-ad8d-8b97515b2807/data-models,,,http://localhost:3000/177234df-d425-412e-ad8d-8b97515b2807/getting-started,http,localhost,/177234df-d425-412e-ad8d-8b97515b2807/getting-started,,,,,,,,,,,,,GB,HCK,Hackney,Hackney,E2,51.5507,-0.0537,Europe/London,bc62ddd4ad5e0ebf75d399f42e44aa6f88c0c56fc74906df7f42b39b20287cd9,"Mozilla/5.0 (Macintosh; Intel Mac OS X 11_2_1) AppleWebKit/537.36 (KHTML, like Gecko) Chrome/88.0.4324.192 Safari/537.36",,en-GB,Europe/London,"BROWSER","NONE","PASSED_ALL",false,"Chrome","110","0","0","Chrome110.0.0","MacOSX","10","15","7",,"MacOSX10.15.7","Mac","Desktop","Browser","Chrome","Chrome109","Chrome109","109","109","Apple","AppleMacintosh","Demo","Browser","Blink","Blink109","Blink109","109","109","Desktop","MacOS","MacOS>=10.15.7",">=10.15.7"
,93c11143f1de24d8f77c80bd138e815aa705a32a288a2b71bee522426b9aacc8,1,2021-03-02 02:01:28.297,2021-03-02 02:01:28.297,Multiple last sessions per user,24837eb265f7e3f2e82196a3c3a05bf028135683819ab8ded7b8b79753bd52dd,Multiple last sessions per user,2b04c5552cb56c0eaa8ceaa211cceae5d804e7d01dbf18314cf261c214419a81,1,0,0,Dummy title - will cause dupes,http://localhost:3000/177234df-d425-412e-ad8d-8b97515b2807/data-models-dummy-row,http-dummy-row,localhost,/177234df-d425-412e-ad8d-8b97515b2807/data-models-dummy-row,,,Dummy title - will cause dupes,http://localhost:3000/177234df-d425-412e-ad8d-8b97515b2807/data-models-dummy-row,http-dummy-row,localhost,/177234df-d425-412e-ad8d-8b97515b2807/data-models-dummy-row,,,http://localhost:3000/177234df-d425-412e-ad8d-8b97515b2807/data-structures,http-dummy-row,localhost-dummy-row,/177234df-d425-412e-ad8d-8b97515b2807/data-structures-dummy-row,,,,,,,,,,,,,GB,HCK,Hackney,Hackney,E2,51.5507,-0.0537,Europe/London,bc62ddd4ad5e0ebf75d399f42e44aa6f88c0c56fc74906df7f42b39b20287cd9,"Mozilla/5.0 (Macintosh; Intel Mac OS X 11_2_1) AppleWebKit/537.36 (KHTML, like Gecko) Chrome/88.0.4324.192 Safari/537.36",,en-GB,Europe/London,"BROWSER","NONE","PASSED_ALL",false,"Chrome","110","0","0","Chrome110.0.0","MacOSX","10","15","7",,"MacOSX10.15.7","Mac","Desktop","Browser","Chrome","Chrome109","Chrome109","109","109","Apple","AppleMacintosh","Demo","Browser","Blink","Blink109","Blink109","109","109","Desktop","MacOS","MacOS>=10.15.7",">=10.15.7"
,df2bf41d09f5f900cd6bd564d1ae403843c9cd767081e38bf614c950a4f73b32,1,2021-03-02 07:23:19.675,2021-03-02 07:23:19.675,Multiple first sessions per user,066d5a7eecd5792fc6700998b72e58da69e690d9a6fb23c3b70f2bdb41230a70,Multiple first sessions per user,e1d85d92e5f6f0d068d4629581d887ccf688715eb6988fc37da26840b0bb2bf8,1,0,0,Dummy title - will cause dupes,http://localhost:3000/177234df-d425-412e-ad8d-8b97515b2807/getting-started-dummy-row,http-dummy-row,localhost,/177234df-d425-412e-ad8d-8b97515b2807/getting-started-dummy-row,,,Dummy title - will cause dupes,http://localhost:3000/177234df-d425-412e-ad8d-8b97515b2807/getting-started-dummy-row,http-dummy-row,localhost,/177234df-d425-412e-ad8d-8b97515b2807/getting-started-dummy-row,,,http://localhost:3000/177234df-d425-412e-ad8d-8b97515b2807/getting-started,http-dummy-row,localhost-dummy-row,/177234df-d425-412e-ad8d-8b97515b2807/getting-started-dummy-row,,,,,,,,,,,,,GB,HCK,Hackney,Hackney,E2,51.5507,-0.0537,Europe/London,47dee7480c6c51b871139b8ea16e9e19c1de2b2947bee2d0954074dd0fe2413f,"Mozilla/5.0 (Macintosh; Intel Mac OS X 11_2_1) AppleWebKit/537.36 (KHTML, like Gecko) Chrome/88.0.4324.192 Safari/537.36",,en-GB,Europe/London,"BROWSER","NONE","PASSED_ALL",false,"Chrome","110","0","0","Chrome110.0.0","MacOSX","10","15","7",,"MacOSX10.15.7","Mac","Desktop","Browser","Chrome","Chrome109","Chrome109","109","109","Apple","AppleMacintosh","Demo","Browser","Blink","Blink109","Blink109","109","109","Desktop","MacOS","MacOS>=10.15.7",">=10.15.7"
,6f19f1f4f43224f646d6fed6358c39152faa088f7ab2d90f0a791ea1210a4656,1,2021-03-02 07:23:19.675,2021-03-02 07:23:28.297,Multiple first sessions per user,066d5a7eecd5792fc6700998b72e58da69e690d9a6fb23c3b70f2bdb41230a70,Multiple first sessions per user,5463ee9616c9a7b52f589e319d9913387e0eea55407c2a1a45f0b361947a6ac1,3,0,9,Fueled,http://localhost:3000/177234df-d425-412e-ad8d-8b97515b2807/getting-started,http,localhost,/177234df-d425-412e-ad8d-8b97515b2807/getting-started,,,Fueled Insights,http://localhost:3000/177234df-d425-412e-ad8d-8b97515b2807/data-models,http,localhost,/177234df-d425-412e-ad8d-8b97515b2807/data-models,,,http://localhost:3000/177234df-d425-412e-ad8d-8b97515b2807/getting-started,http,localhost,/177234df-d425-412e-ad8d-8b97515b2807/getting-started,,,,,,,,,,,,,GB,HCK,Hackney,Hackney,E2,51.5507,-0.0537,Europe/London,47dee7480c6c51b871139b8ea16e9e19c1de2b2947bee2d0954074dd0fe2413f,"Mozilla/5.0 (Macintosh; Intel Mac OS X 11_2_1) AppleWebKit/537.36 (KHTML, like Gecko) Chrome/88.0.4324.192 Safari/537.36",,en-GB,Europe/London,"BROWSER","NONE","PASSED_ALL",false,"Chrome","110","0","0","Chrome110.0.0","MacOSX","10","15","7",,"MacOSX10.15.7","Mac","Desktop","Browser","Chrome","Chrome109","Chrome109","109","109","Apple","AppleMacintosh","Demo","Browser","Blink","Blink109","Blink109","109","109","Desktop","MacOS","MacOS>=10.15.7",">=10.15.7"
discourse,37b340c11359852988ae9b4f77f0c4b283cf2d4e87e2b5e5bceda36a185b81ff,1418,2021-03-02 23:57:04.705,2021-03-03 00:47:49.409,user stitch - session: 2nd id: 3,434dff58299fdc4f124ddf56a4f117d76f69bedb06f76d9858ffde85e16e14e1,user stitch - session: 2nd id: 10,769a8c9ba35df5018cf72c1650f846e3bd9146ad008a0c9dca0af5df5e8fc2e0,6,0,3045,Discourse â€“ Fueled - Are you following us on Twitter yet? @Fueledlabs,https://discourse.fueledanalytics.com/,https,discourse.fueledanalytics.com,/,,,Discourse â€“ Fueled - Are you following us on Twitter yet? @Fueledlabs,https://discourse.fueledanalytics.com/,https,discourse.fueledanalytics.com,/,,,,,,,,,,,,,,,,,,,AU,NSW,New South Wales,,,-33.8592,151.2055,Australia/Sydney,fe887024ef7b498885dbb3d6c857aa220c8af4f1e6572ef88c9ba08e8937ceb5,"Mozilla/5.0 (Macintosh; Intel Mac OS X 10_15_4) AppleWebKit/537.36 (KHTML, like Gecko) Chrome/88.0.4324.192 Safari/537.36",,en-GB,Australia/Sydney,"BROWSER","NONE","PASSED_ALL",false,"Chrome","110","0","0","Chrome110.0.0","MacOSX","10","15","7",,"MacOSX10.15.7","Mac","Desktop","Browser","Chrome","Chrome109","Chrome109","109","109","Apple","AppleMacintosh","Demo","Browser","Blink","Blink109","Blink109","109","109","Desktop","MacOS","MacOS>=10.15.7",">=10.15.7"
discourse,79831faefff0edc56d0d93ccf192b5bb58c07bec8dfff185f5cc4b104c2f0a08,1418,2021-03-01 23:57:04.705,2021-03-01 23:57:04.705,user stitch - session: 1st id: 1,434dff58299fdc4f124ddf56a4f117d76f69bedb06f76d9858ffde85e16e14e1,user stitch - session: 2nd id: 10,769a8c9ba35df5018cf72c1650f846e3bd9146ad008a0c9dca0af5df5e8fc2e0,1,0,0,Discourse â€“ Test,https://discourse.fueledanalytics.com/,https,discourse.fueledanalytics.com,/,,,Discourse â€“ Test,https://discourse.fueledanalytics.com/,https,discourse.fueledanalytics.com,/,,,,,,,,,,,,,,,,,,,AU,NSW,New South Wales,,,-33.8592,151.2055,Australia/Sydney,19ac0d07836f1d16af50ec00a305518460650cef34622ac56fcf090bdc912444,"Mozilla/5.0 (Macintosh; Intel Mac OS X 10_15_4) AppleWebKit/537.36 (KHTML, like Gecko) Chrome/88.0.4324.192 Safari/537.36",,en-GB,Australia/Sydney,"BROWSER","NONE","PASSED_ALL",false,"Chrome","110","0","0","Chrome110.0.0","MacOSX","10","15","7",,"MacOSX10.15.7","Mac","Desktop","Browser","Chrome","Chrome109","Chrome109","109","109","Apple","AppleMacintosh","Demo","Browser","Blink","Blink109","Blink109","109","109","Desktop","MacOS","MacOS>=10.15.7",">=10.15.7"
,d21c000a5953335da6cd125ac349135ae6524b04dd4b107a263dfb1de131b12d,1,2020-07-03 15:55:18.542,2020-07-03 15:55:18.542,Unexpired session,12c98e1f5869e3f298fef62699ad9bbe5410d1685e8344a1a1f86e92029685f0,Unexpired session,0af211ddbca948cb63c5c7eecf386e5920842b030126f30d121e24d1fa809313,1,0,0,Fueled,http://localhost:3000/177234df-d425-412e-ad8d-8b97515b2807/getting-started,http,localhost,/177234df-d425-412e-ad8d-8b97515b2807/getting-started,,,Fueled,http://localhost:3000/177234df-d425-412e-ad8d-8b97515b2807/getting-started,http,localhost,/177234df-d425-412e-ad8d-8b97515b2807/getting-started,,,http://localhost:3000/177234df-d425-412e-ad8d-8b97515b2807/getting-started,http,localhost,/177234df-d425-412e-ad8d-8b97515b2807/getting-started,,,,,,,,,,,,,GB,HCK,Hackney,Hackney,E2,51.5507,-0.0537,Europe/London,23429f1b5f1534d5a104927078765b7113e664bcfdfe9c7ad030507b143c7f4c,"Mozilla/5.0 (Macintosh; Intel Mac OS X 11_2_1) AppleWebKit/537.36 (KHTML, like Gecko) Chrome/88.0.4324.192 Safari/537.36",,en-GB,Europe/London,"BROWSER","NONE","PASSED_ALL",false,"Chrome","110","0","0","Chrome110.0.0","MacOSX","10","15","7",,"MacOSX10.15.7","Mac","Desktop","Browser","Chrome","Chrome109","Chrome109","109","109","Apple","AppleMacintosh","Demo","Browser","Blink","Blink109","Blink109","109","109","Desktop","MacOS","MacOS>=10.15.7",">=10.15.7"
true users,b5c4939c16dd0f5a4396ca24474d8b050786710b1b48319ba19c5febfcb71a3b,36,2021-03-01 17:09:42.323,2021-03-01 17:09:42.323,NULL domain_userid,,,a66d14dbd61e04cdf7eaba27b2b7a0cca3147b311d02b20fc26c5121a8ff86c9,1,0,0,Measuring page load times with the performance timing context [tutorial] - Redshift - Discourse â€“ Fueled,https://discourse.fueledanalytics.com/t/measuring-page-load-times-with-the-performance-timing-context-tutorial/100,https,discourse.fueledanalytics.com,/t/measuring-page-load-times-with-the-performance-timing-context-tutorial/100,,,Measuring page load times with the performance timing context [tutorial] - Redshift - Discourse â€“ Fueled,https://discourse.fueledanalytics.com/t/measuring-page-load-times-with-the-performance-timing-context-tutorial/100,https,discourse.fueledanalytics.com,/t/measuring-page-load-times-with-the-performance-timing-context-tutorial/100,,,,,,,,,,,,,,,,,,,NO,03,Oslo County,Oslo,0001,59.905,10.7487,Europe/Oslo,bbe590092e3350e7f6272664c5e0d83799529bc5e589feeca753ee9f2c7f1d7d,"Mozilla/5.0 (X11; Linux x86_64; rv:82.0) Gecko/20100101 Firefox/82.0",,en-US,Europe/Berlin,"BROWSER","NONE","PASSED_ALL",false,"Chrome","110","0","0","Chrome110.0.0","MacOSX","10","15","7",,"MacOSX10.15.7","Mac","Desktop","Browser","Chrome","Chrome109","Chrome109","109","109","Apple","AppleMacintosh","Demo","Browser","Blink","Blink109","Blink109","109","109","Desktop","MacOS","MacOS>=10.15.7",">=10.15.7"
,4d34b56a2a474e7c5d7f125c9a0ed11b7e526bf99910d6d31afaf6a8cc25d7ae,1,2021-03-01 18:01:08.687,2021-03-01 18:01:08.687,stray page ping,b3c883845957060b8cbebdaec8366d1d4ec6ad283eba1c70e8a512ec43d10875,stray page ping,7ec2509c390620525e5850288e76a5e508272aca560f75d879100c04e5954233,1,0,0,Fueled,http://localhost:3000/75ea1aeb-4379-4958-8cbb-1a5cefbb4d29/users,http,localhost,/75ea1aeb-4379-4958-8cbb-1a5cefbb4d29/users,,,Fueled,http://localhost:3000/75ea1aeb-4379-4958-8cbb-1a5cefbb4d29/users,http,localhost,/75ea1aeb-4379-4958-8cbb-1a5cefbb4d29/users,,,http://localhost:3000/75ea1aeb-4379-4958-8cbb-1a5cefbb4d29/users,http,localhost,/75ea1aeb-4379-4958-8cbb-1a5cefbb4d29/users,,,,,,,,,,,,,GB,HCK,Hackney,Hackney,E2,51.5507,-0.0537,Europe/London,437be6095cb6eb2c2cf770cbad44393ca34b96e3ac36727c8349689531ff35df,"Mozilla/5.0 (Macintosh; Intel Mac OS X 11_2_1) AppleWebKit/537.36 (KHTML, like Gecko) Chrome/89.0.4389.82 Safari/537.36",,en-GB,Europe/London,"BROWSER","NONE","PASSED_ALL",false,"Chrome","110","0","0","Chrome110.0.0","MacOSX","10","15","7",,"MacOSX10.15.7","Mac","Desktop","Browser","Chrome","Chrome109","Chrome109","109","109","Apple","AppleMacintosh","Demo","Browser","Blink","Blink109","Blink109","109","109","Desktop","MacOS","MacOS>=10.15.7",">=10.15.7"
,0b0c7bb589ebd041177514f3e43446ca5d4343328936d2f8f12a42b41bf9140d,1,2021-03-02 22:59:24.752,2021-03-02 22:59:29.752,No edge cases,0691aaf040cd39a08408e62e5d015cc2cef433f1a95e5f6767d62d24bd4be237,No edge cases,0a744995d1b20946604ec0c1af35363ce4960cc32b4146b29571d2e5a12aa75d,1,5,5,Fueled Insights,http://localhost:3000/177234df-d425-412e-ad8d-8b97515b2807/data-models/webmodel,http,localhost,/177234df-d425-412e-ad8d-8b97515b2807/data-models/webmodel,,,Fueled Insights,http://localhost:3000/177234df-d425-412e-ad8d-8b97515b2807/data-models/webmodel,http,localhost,/177234df-d425-412e-ad8d-8b97515b2807/data-models/webmodel,,,http://localhost:3000/177234df-d425-412e-ad8d-8b97515b2807/data-models,http,localhost,/177234df-d425-412e-ad8d-8b97515b2807/data-models,,,,,,,,,,,,,GB,HCK,Hackney,Hackney,E2,51.5507,-0.0537,Europe/London,437be6095cb6eb2c2cf770cbad44393ca34b96e3ac36727c8349689531ff35df,"Mozilla/5.0 (Macintosh; Intel Mac OS X 11_2_1) AppleWebKit/537.36 (KHTML, like Gecko) Chrome/88.0.4324.192 Safari/537.36",,en-GB,Europe/London,"BROWSER","NONE","PASSED_ALL",false,"Chrome","110","0","0","Chrome110.0.0","MacOSX","10","15","7",,"MacOSX10.15.7","Mac","Desktop","Browser","Chrome","Chrome109","Chrome109","109","109","Apple","AppleMacintosh","Demo","Browser","Blink","Blink109","Blink109","109","109","Desktop","MacOS","MacOS>=10.15.7",">=10.15.7"
,0b5d421a98dc6af66d7da30840afb1072f518342ca058cef3af20a6e9b30fce8,1,2021-03-03 18:01:33.658,2021-03-03 18:01:38.658,stray page ping,b3c883845957060b8cbebdaec8366d1d4ec6ad283eba1c70e8a512ec43d10875,stray page ping,8446b8dea8de315d029ad45b1055eb2311f721b4a1dc8f4cf7fab308b9cf4b76,1,5,5,Fueled Insights,http://localhost:3000/75ea1aeb-4379-4958-8cbb-1a5cefbb4d29/users,http,localhost,/75ea1aeb-4379-4958-8cbb-1a5cefbb4d29/users,,,Fueled Insights,http://localhost:3000/75ea1aeb-4379-4958-8cbb-1a5cefbb4d29/users,http,localhost,/75ea1aeb-4379-4958-8cbb-1a5cefbb4d29/users,,,http://localhost:3000/75ea1aeb-4379-4958-8cbb-1a5cefbb4d29/users,http,localhost,/75ea1aeb-4379-4958-8cbb-1a5cefbb4d29/users,,,,,,,,,,,,,GB,HCK,Hackney,Hackney,E2,51.5507,-0.0537,Europe/London,437be6095cb6eb2c2cf770cbad44393ca34b96e3ac36727c8349689531ff35df,"Mozilla/5.0 (Macintosh; Intel Mac OS X 11_2_1) AppleWebKit/537.36 (KHTML, like Gecko) Chrome/89.0.4389.82 Safari/537.36",,en-GB,Europe/London,"BROWSER","NONE","PASSED_ALL",false,"Chrome","110","0","0","Chrome110.0.0","MacOSX","10","15","7",,"MacOSX10.15.7","Mac","Desktop","Browser","Chrome","Chrome109","Chrome109","109","109","Apple","AppleMacintosh","Demo","Browser","Blink","Blink109","Blink109","109","109","Desktop","MacOS","MacOS>=10.15.7",">=10.15.7"
,0b0c7bb589ebd041177514f3e43446ca5d4343328936d2f8f12a42b41bf9140e,1,2021-03-04 22:59:24.752,2021-03-04 22:59:29.752,No edge cases,0691aaf040cd39a08408e62e5d015cc2cef433f1a95e5f6767d62d24bd4be237,No edge cases,0a744995d1b20946604ec0c1af35363ce4960cc32b4146b29571d2e5a12aa75d,1,5,5,Fueled Insights,http://localhost:3000/177234df-d425-412e-ad8d-8b97515b2807/data-models/webmodel,http,localhost,/177234df-d425-412e-ad8d-8b97515b2807/data-models/webmodel,,,Fueled Insights,http://localhost:3000/177234df-d425-412e-ad8d-8b97515b2807/data-models/webmodel,http,localhost,/177234df-d425-412e-ad8d-8b97515b2807/data-models/webmodel,,,http://localhost:3000/177234df-d425-412e-ad8d-8b97515b2807/data-models,http,localhost,/177234df-d425-412e-ad8d-8b97515b2807/data-models,,,,,,,,,,,,,GB,HCK,Hackney,Hackney,E2,51.5507,-0.0537,Europe/London,437be6095cb6eb2c2cf770cbad44393ca34b96e3ac36727c8349689531ff35df,"Mozilla/5.0 (Macintosh; Intel Mac OS X 11_2_1) AppleWebKit/537.36 (KHTML, like Gecko) Chrome/88.0.4324.192 Safari/537.36",,en-GB,Europe/London,"BROWSER","NONE","PASSED_ALL",false,"Chrome","110","0","0","Chrome110.0.0","MacOSX","10","15","7",,"MacOSX10.15.7","Mac","Desktop","Browser","Chrome","Chrome109","Chrome109","109","109","Apple","AppleMacintosh","Demo","Browser","Blink","Blink109","Blink109","109","109","Desktop","MacOS","MacOS>=10.15.7",">=10.15.7"
