user_id,domain_userid,network_userid,start_tstamp,end_tstamp,page_views,sessions,engaged_time_in_s,first_page_title,first_page_url,first_page_urlscheme,first_page_urlhost,first_page_urlpath,first_page_urlquery,first_page_urlfragment,last_page_title,last_page_url,last_page_urlscheme,last_page_urlhost,last_page_urlpath,last_page_urlquery,last_page_urlfragment,referrer,refr_urlscheme,refr_urlhost,refr_urlpath,refr_urlquery,refr_urlfragment,refr_medium,refr_source,refr_term,mkt_medium,mkt_source,mkt_term,mkt_content,mkt_campaign,mkt_clickid,mkt_network
No edge cases,0691aaf040cd39a08408e62e5d015cc2cef433f1a95e5f6767d62d24bd4be237,cb14148aeccd3895346f44751cd42b054f92736c64bb2211da3cfde3d05ee285,2021-03-02 15:55:18.539,2021-03-04 22:59:29.752,6,3,55,Fueled,http://localhost:3000/177234df-d425-412e-ad8d-8b97515b2807/getting-started,http,localhost,/177234df-d425-412e-ad8d-8b97515b2807/getting-started,,,Fueled Insights,http://localhost:3000/177234df-d425-412e-ad8d-8b97515b2807/data-models/webmodel,http,localhost,/177234df-d425-412e-ad8d-8b97515b2807/data-models/webmodel,,,http://localhost:3000/177234df-d425-412e-ad8d-8b97515b2807/getting-started,http,localhost,/177234df-d425-412e-ad8d-8b97515b2807/getting-started,,,,,,,,,,,,
dupe: page_view_id different derived_tstamp,f897c486aa47cefa7478e3db62c797922b9fe006fc10fc05dd4b71abbbbdcae2,6948bc2069abe6386f0e961198b9afbf1b83e5b8c850f0eba62005b99dac3721,2021-03-02 19:25:22.756,2021-03-02 20:08:24.465,7,1,0,"Collect, manage and operationalize behavioral data at scale | Fueled",https://fueledanalytics.com/,https,fueledanalytics.com,/,,,Is it possible to use confluent cloud kafka sink? - Collectors - Discourse – Fueled,https://discourse.fueledanalytics.com/t/is-it-possible-to-use-confluent-cloud-kafka-sink/2270,https,discourse.fueledanalytics.com,/t/is-it-possible-to-use-confluent-cloud-kafka-sink/2270,,,https://www.google.com/,https,www.google.com,/,,,,,,,,,,,,
dupe: event_id different collector_tstamp,5d27ff97148de9e5f1c23e8fd0a4382c06852969f6495def03c66599e676f449,db1c72c5e85289ee6e249e8810079cd431a5910c2a2b07f898045e89392af5fa,2021-03-03 21:27:23.095,2021-03-03 21:27:35.176,2,1,0,"Collect, manage and operationalize behavioral data at scale | Fueled",https://fueledanalytics.com/,https,fueledanalytics.com,/,,,A data pipeline for advertisers and publishers | Fueled,https://fueledanalytics.com/advertising/,https,fueledanalytics.com,/advertising/,,,,,,,,,,,,,,,,,,
dupe: event_id same collector_tstamp,bc0da66ea89bbb0991f1c37ecdc1830a97f1ed9e24296ef6dbf19635220a064e,508312389e03ec34ae2083cc3ba15ba6768b783a13d0816567fafce27ef83981,2021-03-01 20:39:52.944,2021-03-01 20:59:19.860,6,1,0,eBook: Using data to develop killer products | Fueled,https://fueledanalytics.com/resources/product-analytics-ebook/?utm_source=google-ad&utm_medium=display&utm_campaign=product-analytics-new-ebook&creative=486771159105&keyword=&matchtype=&network=d&device=m&campaignid=11857971003&adgroupid=118244365394&adid=486771159105&gclid=Cj0KCQiAvvKBBhCXARIsACTePW8KY3WUt6QUTRyoI9fVb8Vftz_aZlW8mrqZ_ALTRCya8yuOOoKOvQUaAmChEALw_wcB,https,fueledanalytics.com,/resources/product-analytics-ebook/,utm_source=google-ad&utm_medium=display&utm_campaign=product-analytics-new-ebook&creative=486771159105&keyword=&matchtype=&network=d&device=m&campaignid=11857971003&adgroupid=118244365394&adid=486771159105&gclid=Cj0KCQiAvvKBBhCXARIsACTePW8KY3WUt6QUTRyoI9fVb8Vftz_aZlW8mrqZ_ALTRCya8yuOOoKOvQUaAmChEALw_wcB,,White paper: Transform behavioral data into actional insights| Fueled,https://fueledanalytics.com/resources/data-utilization/?success=true,https,fueledanalytics.com,/resources/data-utilization/,success=true,,,,,,,,,,,display,google-ad,,,product-analytics-new-ebook,Cj0KCQiAvvKBBhCXARIsACTePW8KY3WUt6QUTRyoI9fVb8Vftz_aZlW8mrqZ_ALTRCya8yuOOoKOvQUaAmChEALw_wcB,Google
long session,4f011c929234934761dfff0bca3b5509a1b6d139560439e894a8d26a363654ad,3dbf6369fde3ce359786fd49194f705f54af3a53a8986b5de5bfbd717e2960a7,2021-03-01 21:39:43.815,2021-03-03 21:39:50.989,2,1,0,White paper: Transform behavioral data into actional insights| Fueled,https://fueledanalytics.com/resources/data-utilization/?utm_source=google-ad&utm_medium=ppc&utm_campaign=data-utilization&utm_content=&creative=502863204369&keyword=data%20strategy&matchtype=e&network=g&device=m&campaignid=12477606708&adgroupid=119084231415&adid=502863204369&gclid=EAIaIQobChMI2K3yxpmp7wIVqhkGAB0wLAicEAAYAiAAEgKyYfD_BwE,https,fueledanalytics.com,/resources/data-utilization/,utm_source=google-ad&utm_medium=ppc&utm_campaign=data-utilization&utm_content=&creative=502863204369&keyword=data%20strategy&matchtype=e&network=g&device=m&campaignid=12477606708&adgroupid=119084231415&adid=502863204369&gclid=EAIaIQobChMI2K3yxpmp7wIVqhkGAB0wLAicEAAYAiAAEgKyYfD_BwE,,"Collect, manage and operationalize behavioral data at scale | Fueled",https://fueledanalytics.com/,https,fueledanalytics.com,/,,,https://www.google.co.uk,https,www.google.co.uk,,,,,,,ppc,google-ad,,,data-utilization,EAIaIQobChMI2K3yxpmp7wIVqhkGAB0wLAicEAAYAiAAEgKyYfD_BwE,Google
Rotating domain_userid per session,0e9ab97b5d9d9a174112df13fe9c44788af3ac9088a8b41e0998d92a8b4b5a4fc,cb14148aeccd3895346f44751cd42b054f92736c64bb2211da3cfde3d05ee285,2021-03-02 15:55:18.539,2021-03-04 15:55:27.084,3,1,0,Fueled,http://localhost:3000/177234df-d425-412e-ad8d-8b97515b2807/getting-started,http,localhost,/177234df-d425-412e-ad8d-8b97515b2807/getting-started,,,Fueled Insights,http://localhost:3000/177234df-d425-412e-ad8d-8b97515b2807/data-models,http,localhost,/177234df-d425-412e-ad8d-8b97515b2807/data-models,,,http://localhost:3000/177234df-d425-412e-ad8d-8b97515b2807/getting-started,http,localhost,/177234df-d425-412e-ad8d-8b97515b2807/getting-started,,,,,,,,,,,,
Multiple first sessions per user,066d5a7eecd5792fc6700998b72e58da69e690d9a6fb23c3b70f2bdb41230a70,e1d85d92e5f6f0d068d4629581d887ccf688715eb6988fc37da26840b0bb2bf8,2021-03-02 07:23:19.675,2021-03-02 07:23:28.297,4,2,0,Dummy title - will cause dupes,http://localhost:3000/177234df-d425-412e-ad8d-8b97515b2807/getting-started-dummy-row,http-dummy-row,localhost,/177234df-d425-412e-ad8d-8b97515b2807/getting-started-dummy-row,,,Fueled Insights,http://localhost:3000/177234df-d425-412e-ad8d-8b97515b2807/data-models,http,localhost,/177234df-d425-412e-ad8d-8b97515b2807/data-models,,,http://localhost:3000/177234df-d425-412e-ad8d-8b97515b2807/getting-started,http-dummy-row,localhost-dummy-row,/177234df-d425-412e-ad8d-8b97515b2807/getting-started-dummy-row,,,,,,,,,,,,
Multiple last sessions per user,24837eb265f7e3f2e82196a3c3a05bf028135683819ab8ded7b8b79753bd52dd,7a5cf702c6cc3a461ec04d4ae58f3f5a71ec4c764e2df0267cc601c5cbe94d53,2021-03-02 02:01:19.675,2021-03-02 02:01:28.297,4,2,0,Fueled,http://localhost:3000/177234df-d425-412e-ad8d-8b97515b2807/getting-started,http,localhost,/177234df-d425-412e-ad8d-8b97515b2807/getting-started,,,Fueled Insights,http://localhost:3000/177234df-d425-412e-ad8d-8b97515b2807/data-models,http,localhost,/177234df-d425-412e-ad8d-8b97515b2807/data-models,,,http://localhost:3000/177234df-d425-412e-ad8d-8b97515b2807/getting-started,http,localhost,/177234df-d425-412e-ad8d-8b97515b2807/getting-started,,,,,,,,,,,,
user stitch - session: 1st id: 1,434dff58299fdc4f124ddf56a4f117d76f69bedb06f76d9858ffde85e16e14e1,769a8c9ba35df5018cf72c1650f846e3bd9146ad008a0c9dca0af5df5e8fc2e0,2021-03-01 23:57:04.705,2021-03-03 00:47:49.409,7,2,0,Discourse – Test,https://discourse.fueledanalytics.com/,https,discourse.fueledanalytics.com,/,,,Discourse – Fueled - Are you following us on Twitter yet? @Fueledlabs,https://discourse.fueledanalytics.com/,https,discourse.fueledanalytics.com,/,,,,,,,,,,,,,,,,,,
Unexpired session,12c98e1f5869e3f298fef62699ad9bbe5410d1685e8344a1a1f86e92029685f0,0af211ddbca948cb63c5c7eecf386e5920842b030126f30d121e24d1fa809313,2020-07-03 15:55:18.542,2020-07-03 15:55:18.542,1,1,0,Fueled,http://localhost:3000/177234df-d425-412e-ad8d-8b97515b2807/getting-started,http,localhost,/177234df-d425-412e-ad8d-8b97515b2807/getting-started,,,Fueled,http://localhost:3000/177234df-d425-412e-ad8d-8b97515b2807/getting-started,http,localhost,/177234df-d425-412e-ad8d-8b97515b2807/getting-started,,,http://localhost:3000/177234df-d425-412e-ad8d-8b97515b2807/getting-started,http,localhost,/177234df-d425-412e-ad8d-8b97515b2807/getting-started,,,,,,,,,,,,
stray page ping,b3c883845957060b8cbebdaec8366d1d4ec6ad283eba1c70e8a512ec43d10875,7ec2509c390620525e5850288e76a5e508272aca560f75d879100c04e5954233,2021-03-01 18:01:08.687,2021-03-03 18:01:38.658,2,2,5,Fueled,http://localhost:3000/75ea1aeb-4379-4958-8cbb-1a5cefbb4d29/users,http,localhost,/75ea1aeb-4379-4958-8cbb-1a5cefbb4d29/users,,,Fueled Insights,http://localhost:3000/75ea1aeb-4379-4958-8cbb-1a5cefbb4d29/users,http,localhost,/75ea1aeb-4379-4958-8cbb-1a5cefbb4d29/users,,,http://localhost:3000/75ea1aeb-4379-4958-8cbb-1a5cefbb4d29/users,http,localhost,/75ea1aeb-4379-4958-8cbb-1a5cefbb4d29/users,,,,,,,,,,,,
